Started periodic log download (every 300s)
Started periodic log download (every 300s)
Started periodic log download (every 300s)
Started periodic log download (every 300s)
Started periodic log download (every 300s)
Started periodic log download (every 300s)
Stopped periodic log download
Started periodic log download (every 300s)
Stopped periodic log download
Started periodic log download (every 300s)
Stopped periodic log download
Stopped periodic log download
Started periodic log download (every 300s)
Started periodic log download (every 300s)
Periodic download: pulling agent logs from sandbox
Periodic download: pulling agent logs from sandbox
Periodic download: pulling agent logs from sandbox
Stopped periodic log download
Stopped periodic log download
Periodic download: pulling agent logs from sandbox
Started periodic log download (every 300s)
Started periodic log download (every 300s)
Stopped periodic log download
Stopped periodic log download
Started periodic log download (every 300s)
Started periodic log download (every 300s)
Stopped periodic log download
Periodic download: pulling agent logs from sandbox
Periodic download: pulling agent logs from sandbox
Started periodic log download (every 300s)
Stopped periodic log download
Stopped periodic log download
Started periodic log download (every 300s)
Stopped periodic log download
Started periodic log download (every 300s)
Stopped periodic log download
Started periodic log download (every 300s)
Started periodic log download (every 300s)
Stopped periodic log download
Started periodic log download (every 300s)
Stopped periodic log download
Periodic download: pulling agent logs from sandbox
Started periodic log download (every 300s)
Stopped periodic log download
Started periodic log download (every 300s)
Stopped periodic log download
Started periodic log download (every 300s)
Stopped periodic log download
Stopped periodic log download
Started periodic log download (every 300s)
Stopped periodic log download
Started periodic log download (every 300s)
Stopped periodic log download
Periodic download: pulling agent logs from sandbox
Started periodic log download (every 300s)
Stopped periodic log download
Periodic download: pulling agent logs from sandbox
Started periodic log download (every 300s)
Stopped periodic log download
Started periodic log download (every 300s)
Stopped periodic log download
Started periodic log download (every 300s)
Stopped periodic log download
Started periodic log download (every 300s)
Stopped periodic log download
Periodic download: pulling agent logs from sandbox
Started periodic log download (every 300s)
Stopped periodic log download
Stopped periodic log download
Started periodic log download (every 300s)
Started periodic log download (every 300s)
Periodic download: pulling agent logs from sandbox
Stopped periodic log download
Started periodic log download (every 300s)
Stopped periodic log download
Started periodic log download (every 300s)
Stopped periodic log download
Started periodic log download (every 300s)
Periodic download: pulling agent logs from sandbox
Periodic download: pulling agent logs from sandbox
Stopped periodic log download
Stopped periodic log download
Started periodic log download (every 300s)
Started periodic log download (every 300s)
Stopped periodic log download
Started periodic log download (every 300s)
Periodic download: pulling agent logs from sandbox
Stopped periodic log download
Started periodic log download (every 300s)
Started periodic log download (every 300s)
Stopped periodic log download
Started periodic log download (every 300s)
Periodic download: pulling agent logs from sandbox
Periodic download: pulling agent logs from sandbox
Periodic download: pulling agent logs from sandbox
Periodic download: pulling agent logs from sandbox
Periodic download: pulling agent logs from sandbox
Periodic download: pulling agent logs from sandbox
Periodic download: pulling agent logs from sandbox
Stopped periodic log download
Periodic download: pulling agent logs from sandbox
Stopped periodic log download
Started periodic log download (every 300s)
Started periodic log download (every 300s)
Periodic download: pulling agent logs from sandbox
Stopped periodic log download
Started periodic log download (every 300s)
Stopped periodic log download
Started periodic log download (every 300s)
Periodic download: pulling agent logs from sandbox
Stopped periodic log download
Started periodic log download (every 300s)
Stopped periodic log download
Periodic download: pulling agent logs from sandbox
Stopped periodic log download
Periodic download: pulling agent logs from sandbox
Started periodic log download (every 300s)
Stopped periodic log download
Started periodic log download (every 300s)
Started periodic log download (every 300s)
Periodic download: pulling agent logs from sandbox
Periodic download: pulling agent logs from sandbox
Stopped periodic log download
Started periodic log download (every 300s)
Stopped periodic log download
Started periodic log download (every 300s)
Stopped periodic log download
Started periodic log download (every 300s)
Periodic download: pulling agent logs from sandbox
Periodic download: pulling agent logs from sandbox
Periodic download: pulling agent logs from sandbox
Stopped periodic log download
Started periodic log download (every 300s)
Periodic download: pulling agent logs from sandbox
Periodic download: pulling agent logs from sandbox
Periodic download: pulling agent logs from sandbox
Periodic download: pulling agent logs from sandbox
Periodic download: pulling agent logs from sandbox
Periodic download: pulling agent logs from sandbox
Stopped periodic log download
Periodic download: pulling agent logs from sandbox
Started periodic log download (every 300s)
Stopped periodic log download
Started periodic log download (every 300s)
Stopped periodic log download
Exception AgentTimeoutError is in exclude_exceptions, not retrying
Not retrying trial because the exception is not in include_exceptions or the maximum number of retries has been reached
Started periodic log download (every 300s)
Stopped periodic log download
Periodic download: pulling agent logs from sandbox
Started periodic log download (every 300s)
Periodic download: pulling agent logs from sandbox
Stopped periodic log download
Started periodic log download (every 300s)
Periodic download: pulling agent logs from sandbox
Stopped periodic log download
Started periodic log download (every 300s)
Stopped periodic log download
Periodic download: pulling agent logs from sandbox
Started periodic log download (every 300s)
Stopped periodic log download
Started periodic log download (every 300s)
Periodic download: pulling agent logs from sandbox
Stopped periodic log download
Periodic download: pulling agent logs from sandbox
Started periodic log download (every 300s)
Periodic download: pulling agent logs from sandbox
Stopped periodic log download
Periodic download: pulling agent logs from sandbox
Stopped periodic log download
Started periodic log download (every 300s)
Stopped periodic log download
Started periodic log download (every 300s)
Started periodic log download (every 300s)
Stopped periodic log download
Stopped periodic log download
Stopped periodic log download
Started periodic log download (every 300s)
Periodic download: pulling agent logs from sandbox
Stopped periodic log download
Started periodic log download (every 300s)
Started periodic log download (every 300s)
Periodic download: pulling agent logs from sandbox
Stopped periodic log download
Started periodic log download (every 300s)
Stopped periodic log download
Started periodic log download (every 300s)
Stopped periodic log download
Started periodic log download (every 300s)
Periodic download: pulling agent logs from sandbox
Stopped periodic log download
Stopped periodic log download
Started periodic log download (every 300s)
Started periodic log download (every 300s)
Periodic download: pulling agent logs from sandbox
Stopped periodic log download
Periodic download: pulling agent logs from sandbox
Started periodic log download (every 300s)
Periodic download: pulling agent logs from sandbox
Periodic download: pulling agent logs from sandbox
Stopped periodic log download
Started periodic log download (every 300s)
Stopped periodic log download
Started periodic log download (every 300s)
Periodic download: pulling agent logs from sandbox
Stopped periodic log download
Started periodic log download (every 300s)
Stopped periodic log download
Periodic download: pulling agent logs from sandbox
Stopped periodic log download
Started periodic log download (every 300s)
Stopped periodic log download
Started periodic log download (every 300s)
Stopped periodic log download
Started periodic log download (every 300s)
Stopped periodic log download
Stopped periodic log download
Started periodic log download (every 300s)
Periodic download: pulling agent logs from sandbox
Stopped periodic log download
Stopped periodic log download
Started periodic log download (every 300s)
Started periodic log download (every 300s)
Stopped periodic log download
Started periodic log download (every 300s)
Started periodic log download (every 300s)
Stopped periodic log download
Started periodic log download (every 300s)
Stopped periodic log download
Started periodic log download (every 300s)
Stopped periodic log download
Started periodic log download (every 300s)
Stopped periodic log download
Stopped periodic log download
Periodic download: pulling agent logs from sandbox
Periodic download: pulling agent logs from sandbox
Periodic download: pulling agent logs from sandbox
Trial filter-js-from-html__v2rrXio failed: Verifier execution timed out after 900.0 seconds
Exception VerifierTimeoutError is in exclude_exceptions, not retrying
Not retrying trial because the exception is not in include_exceptions or the maximum number of retries has been reached
Stopped periodic log download
Periodic download: pulling agent logs from sandbox
Periodic download: pulling agent logs from sandbox
Stopped periodic log download
